\BOOKMARK [1][-]{section.1}{\376\377\000S\000c\000o\000p\000e\000\040\000a\000n\000d\000\040\000D\000o\000c\000u\000m\000e\000n\000t\000a\000t\000i\000o\000n\000\040\000C\000o\000n\000t\000r\000a\000c\000t}{}% 1
\BOOKMARK [2][-]{subsection.1.1}{\376\377\000I\000m\000p\000l\000e\000m\000e\000n\000t\000e\000d\000\040\000R\000u\000n\000t\000i\000m\000e\000\040\000F\000a\000m\000i\000l\000i\000e\000s}{section.1}% 2
\BOOKMARK [2][-]{subsection.1.2}{\376\377\000C\000u\000r\000r\000e\000n\000t\000\040\000S\000t\000u\000b\000\040\000a\000n\000d\000\040\000A\000b\000s\000e\000n\000t\000\040\000B\000o\000u\000n\000d\000a\000r\000i\000e\000s}{section.1}% 3
\BOOKMARK [2][-]{subsection.1.3}{\376\377\000D\000o\000c\000u\000m\000e\000n\000t\000a\000t\000i\000o\000n\000\040\000P\000r\000i\000n\000c\000i\000p\000l\000e}{section.1}% 4
\BOOKMARK [2][-]{subsection.1.4}{\376\377\000C\000a\000n\000o\000n\000i\000c\000a\000l\000\040\000M\000o\000d\000e\000l\000i\000n\000g\000\040\000P\000i\000p\000e\000l\000i\000n\000e}{section.1}% 5
\BOOKMARK [2][-]{subsection.1.5}{\376\377\000I\000m\000p\000o\000r\000t\000a\000n\000t\000\040\000B\000o\000u\000n\000d\000a\000r\000y\000\040\000B\000e\000t\000w\000e\000e\000n\000\040\000`\000`\000I\000m\000p\000l\000e\000m\000e\000n\000t\000e\000d\000'\000'\000\040\000a\000n\000d\000\040\000`\000`\000D\000e\000c\000l\000a\000r\000e\000d\000'\000'}{section.1}% 6
\BOOKMARK [1][-]{section.2}{\376\377\000N\000o\000m\000e\000n\000c\000l\000a\000t\000u\000r\000e}{}% 7
\BOOKMARK [2][-]{subsection.2.1}{\376\377\000N\000o\000t\000a\000t\000i\000o\000n\000\040\000P\000o\000l\000i\000c\000y}{section.2}% 8
\BOOKMARK [2][-]{subsection.2.2}{\376\377\000I\000n\000d\000e\000x\000\040\000a\000n\000d\000\040\000Q\000u\000a\000l\000i\000f\000i\000e\000r\000\040\000C\000o\000n\000v\000e\000n\000t\000i\000o\000n\000s}{section.2}% 9
\BOOKMARK [2][-]{subsection.2.3}{\376\377\000C\000a\000n\000o\000n\000i\000c\000a\000l\000\040\000N\000a\000m\000i\000n\000g\000\040\000G\000r\000a\000m\000m\000a\000r}{section.2}% 10
\BOOKMARK [2][-]{subsection.2.4}{\376\377\000S\000u\000p\000e\000r\000s\000c\000r\000i\000p\000t\000/\000S\000u\000b\000s\000c\000r\000i\000p\000t\000\040\000R\000u\000l\000e}{section.2}% 11
\BOOKMARK [2][-]{subsection.2.5}{\376\377\000I\000n\000t\000e\000g\000r\000a\000t\000i\000o\000n\000\040\000S\000t\000a\000t\000u\000s\000\040\000C\000o\000d\000e\000s}{section.2}% 12
\BOOKMARK [1][-]{section.3}{\376\377\000C\000u\000r\000r\000e\000n\000t\000\040\000C\000+\000+\000\040\000A\000r\000c\000h\000i\000t\000e\000c\000t\000u\000r\000e}{}% 13
\BOOKMARK [2][-]{subsection.3.1}{\376\377\000S\000o\000u\000r\000c\000e\000\040\000L\000a\000y\000o\000u\000t}{section.3}% 14
\BOOKMARK [2][-]{subsection.3.2}{\376\377\000T\000o\000p\000-\000L\000e\000v\000e\000l\000\040\000P\000u\000b\000l\000i\000c\000\040\000A\000P\000I}{section.3}% 15
\BOOKMARK [2][-]{subsection.3.3}{\376\377\000B\000u\000i\000l\000d\000-\000T\000i\000m\000e\000\040\000O\000p\000t\000i\000o\000n\000a\000l\000\040\000F\000e\000a\000t\000u\000r\000e\000s}{section.3}% 16
\BOOKMARK [2][-]{subsection.3.4}{\376\377\000A\000l\000g\000o\000r\000i\000t\000h\000m\000\040\000I\000n\000d\000e\000x}{section.3}% 17
\BOOKMARK [1][-]{section.4}{\376\377\000E\000n\000g\000i\000n\000e\000\040\000S\000o\000l\000v\000e\000r\000\040\000S\000y\000s\000t\000e\000m}{}% 18
\BOOKMARK [2][-]{subsection.4.1}{\376\377\000F\000o\000r\000w\000a\000r\000d\000e\000d\000\040\000E\000n\000g\000i\000n\000e\000\040\000S\000u\000r\000f\000a\000c\000e}{section.4}% 19
\BOOKMARK [2][-]{subsection.4.2}{\376\377\000L\000o\000c\000a\000l\000\040\000N\000e\000w\000t\000o\000n\000\040\000S\000o\000l\000v\000e\000r\000\040\000C\000l\000a\000s\000s}{section.4}% 20
\BOOKMARK [2][-]{subsection.4.3}{\376\377\000O\000P\000F\000\040\000U\000s\000e\000\040\000o\000f\000\040\000E\000n\000g\000i\000n\000e\000\040\000F\000a\000c\000i\000l\000i\000t\000i\000e\000s}{section.4}% 21
\BOOKMARK [1][-]{section.5}{\376\377\000N\000a\000t\000i\000v\000e\000\040\000N\000L\000P\000\040\000a\000n\000d\000\040\000I\000n\000t\000e\000r\000i\000o\000r\000-\000P\000o\000i\000n\000t\000\040\000D\000e\000t\000a\000i\000l\000s}{}% 22
\BOOKMARK [2][-]{subsection.5.1}{\376\377\000N\000a\000t\000i\000v\000e\000\040\000A\000C\000\040\000O\000P\000F\000\040\000L\000o\000o\000p}{section.5}% 23
\BOOKMARK [2][-]{subsection.5.2}{\376\377\000P\000a\000r\000i\000t\000y\000\040\000I\000P\000M\000\040\000L\000o\000o\000p}{section.5}% 24
\BOOKMARK [1][-]{section.6}{\376\377\000N\000a\000t\000i\000v\000e\000\040\000I\000P\000M\000\040\000V\000e\000r\000s\000u\000s\000\040\000P\000a\000r\000i\000t\000y\000\040\000I\000P\000M}{}% 25
\BOOKMARK [1][-]{section.7}{\376\377\000S\000y\000m\000b\000o\000l\000s\000,\000\040\000I\000n\000d\000e\000x\000i\000n\000g\000,\000\040\000a\000n\000d\000\040\000S\000i\000g\000n\000\040\000C\000o\000n\000v\000e\000n\000t\000i\000o\000n}{}% 26
\BOOKMARK [2][-]{subsection.7.1}{\376\377\000E\000l\000e\000c\000t\000r\000i\000c\000a\000l\000\040\000B\000a\000s\000e\000s}{section.7}% 27
\BOOKMARK [2][-]{subsection.7.2}{\376\377\000S\000e\000t\000s\000\040\000a\000n\000d\000\040\000I\000n\000d\000e\000x\000i\000n\000g}{section.7}% 28
\BOOKMARK [2][-]{subsection.7.3}{\376\377\000C\000o\000r\000e\000\040\000A\000C\000\040\000a\000n\000d\000\040\000D\000C\000\040\000S\000t\000a\000t\000e\000\040\000V\000a\000r\000i\000a\000b\000l\000e\000s}{section.7}% 29
\BOOKMARK [2][-]{subsection.7.4}{\376\377\000U\000n\000i\000f\000i\000e\000d\000\040\000S\000i\000g\000n\000\040\000C\000o\000n\000v\000e\000n\000t\000i\000o\000n\000:\000\040\000B\000u\000s\000\040\000I\000n\000j\000e\000c\000t\000i\000o\000n\000\040\000P\000o\000s\000i\000t\000i\000v\000e}{section.7}% 30
\BOOKMARK [2][-]{subsection.7.5}{\376\377\000P\000o\000w\000e\000r\000-\000B\000a\000l\000a\000n\000c\000e\000\040\000T\000e\000m\000p\000l\000a\000t\000e}{section.7}% 31
\BOOKMARK [1][-]{section.8}{\376\377\000I\000n\000f\000o\000r\000m\000a\000t\000i\000o\000n\000\040\000M\000o\000d\000e\000l\000s\000\040\000a\000n\000d\000\040\000F\000i\000e\000l\000d\000\040\000D\000i\000c\000t\000i\000o\000n\000a\000r\000i\000e\000s}{}% 32
\BOOKMARK [2][-]{subsection.8.1}{\376\377\000M\000o\000d\000e\000l\000i\000n\000g\000\040\000L\000a\000y\000e\000r\000s\000\040\000U\000s\000e\000d\000\040\000b\000y\000\040\000t\000h\000e\000\040\000C\000o\000d\000e}{section.8}% 33
\BOOKMARK [2][-]{subsection.8.2}{\376\377\000S\000y\000s\000t\000e\000m\000\040\000C\000o\000n\000t\000a\000i\000n\000e\000r\000s\000\040\000a\000n\000d\000\040\000S\000o\000l\000v\000e\000r\000-\000L\000e\000v\000e\000l\000\040\000M\000e\000t\000a\000d\000a\000t\000a}{section.8}% 34
\BOOKMARK [2][-]{subsection.8.3}{\376\377\000C\000o\000m\000p\000o\000n\000e\000n\000t\000\040\000I\000n\000v\000e\000n\000t\000o\000r\000y}{section.8}% 35
\BOOKMARK [2][-]{subsection.8.4}{\376\377\000A\000C\000\040\000N\000e\000t\000w\000o\000r\000k\000\040\000E\000l\000e\000m\000e\000n\000t\000s}{section.8}% 36
\BOOKMARK [2][-]{subsection.8.5}{\376\377\000L\000o\000a\000d\000\040\000M\000o\000d\000e\000l\000s\000\040\000a\000n\000d\000\040\000D\000e\000m\000a\000n\000d\000-\000S\000i\000d\000e\000\040\000C\000o\000m\000p\000o\000n\000e\000n\000t\000s}{section.8}% 37
\BOOKMARK [2][-]{subsection.8.6}{\376\377\000G\000e\000n\000e\000r\000a\000t\000i\000o\000n\000,\000\040\000S\000t\000o\000r\000a\000g\000e\000,\000\040\000a\000n\000d\000\040\000A\000g\000g\000r\000e\000g\000a\000t\000i\000o\000n\000\040\000C\000o\000m\000p\000o\000n\000e\000n\000t\000s}{section.8}% 38
\BOOKMARK [2][-]{subsection.8.7}{\376\377\000D\000C\000\040\000a\000n\000d\000\040\000P\000o\000w\000e\000r\000-\000E\000l\000e\000c\000t\000r\000o\000n\000i\000c\000\040\000C\000o\000m\000p\000o\000n\000e\000n\000t\000s}{section.8}% 39
\BOOKMARK [2][-]{subsection.8.8}{\376\377\000O\000p\000t\000i\000o\000n\000a\000l\000\040\000T\000h\000r\000e\000e\000-\000P\000h\000a\000s\000e\000\040\000M\000o\000d\000e\000l\000s}{section.8}% 40
\BOOKMARK [1][-]{section.9}{\376\377\000I\000/\000O\000\040\000C\000o\000n\000t\000r\000a\000c\000t\000s\000,\000\040\000S\000h\000e\000e\000t\000\040\000D\000i\000c\000t\000i\000o\000n\000a\000r\000i\000e\000s\000,\000\040\000a\000n\000d\000\040\000J\000S\000O\000N\000\040\000K\000e\000y\000s}{}% 41
\BOOKMARK [2][-]{subsection.9.1}{\376\377\000S\000e\000r\000i\000a\000l\000i\000z\000a\000t\000i\000o\000n\000\040\000F\000a\000m\000i\000l\000i\000e\000s}{section.9}% 42
\BOOKMARK [2][-]{subsection.9.2}{\376\377\000G\000l\000o\000b\000a\000l\000\040\000P\000a\000r\000s\000i\000n\000g\000\040\000a\000n\000d\000\040\000W\000o\000r\000k\000b\000o\000o\000k\000\040\000R\000u\000l\000e\000s}{section.9}% 43
\BOOKMARK [2][-]{subsection.9.3}{\376\377\000H\000y\000b\000r\000i\000d\000\040\000S\000y\000s\000t\000e\000m\000\040\000J\000S\000O\000N\000\040\000C\000o\000n\000t\000r\000a\000c\000t}{section.9}% 44
\BOOKMARK [2][-]{subsection.9.4}{\376\377\000E\000x\000c\000e\000l\000\040\000I\000n\000p\000u\000t\000\040\000W\000o\000r\000k\000b\000o\000o\000k\000\040\000C\000o\000n\000t\000r\000a\000c\000t}{section.9}% 45
\BOOKMARK [2][-]{subsection.9.5}{\376\377\000C\000o\000m\000p\000a\000c\000t\000\040\000P\000o\000w\000e\000r\000-\000F\000l\000o\000w\000\040\000W\000o\000r\000k\000b\000o\000o\000k\000\040\000A\000d\000d\000i\000t\000i\000o\000n\000s}{section.9}% 46
\BOOKMARK [2][-]{subsection.9.6}{\376\377\000D\000e\000d\000i\000c\000a\000t\000e\000d\000\040\000R\000e\000s\000u\000l\000t\000\040\000W\000o\000r\000k\000b\000o\000o\000k\000s}{section.9}% 47
\BOOKMARK [2][-]{subsection.9.7}{\376\377\000C\000u\000r\000r\000e\000n\000t\000\040\000I\000/\000O\000\040\000C\000o\000v\000e\000r\000a\000g\000e\000\040\000G\000a\000p\000s\000\040\000T\000h\000a\000t\000\040\000M\000a\000t\000t\000e\000r\000\040\000t\000o\000\040\000E\000n\000g\000i\000n\000e\000e\000r\000i\000n\000g\000\040\000W\000o\000r\000k}{section.9}% 48
\BOOKMARK [2][-]{subsection.9.8}{\376\377\000I\000n\000t\000e\000r\000p\000r\000e\000t\000a\000t\000i\000o\000n}{section.9}% 49
\BOOKMARK [1][-]{section.10}{\376\377\000D\000e\000t\000a\000i\000l\000e\000d\000\040\000I\000/\000O\000\040\000F\000i\000e\000l\000d\000\040\000D\000i\000c\000t\000i\000o\000n\000a\000r\000i\000e\000s}{}% 50
\BOOKMARK [2][-]{subsection.10.1}{\376\377\000S\000y\000s\000t\000e\000m\000\040\000M\000e\000t\000a\000d\000a\000t\000a}{section.10}% 51
\BOOKMARK [2][-]{subsection.10.2}{\376\377\000A\000C\000\040\000N\000e\000t\000w\000o\000r\000k\000\040\000a\000n\000d\000\040\000D\000e\000m\000a\000n\000d\000\040\000M\000o\000d\000e\000l\000s}{section.10}% 52
\BOOKMARK [2][-]{subsection.10.3}{\376\377\000G\000e\000n\000e\000r\000a\000t\000i\000o\000n\000\040\000a\000n\000d\000\040\000S\000t\000o\000r\000a\000g\000e\000\040\000M\000o\000d\000e\000l\000s}{section.10}% 53
\BOOKMARK [2][-]{subsection.10.4}{\376\377\000D\000C\000\040\000a\000n\000d\000\040\000H\000y\000b\000r\000i\000d\000\040\000C\000o\000o\000r\000d\000i\000n\000a\000t\000i\000o\000n\000\040\000M\000o\000d\000e\000l\000s}{section.10}% 54
\BOOKMARK [2][-]{subsection.10.5}{\376\377\000C\000r\000o\000s\000s\000-\000R\000e\000f\000e\000r\000e\000n\000c\000e}{section.10}% 55
\BOOKMARK [1][-]{section.11}{\376\377\000O\000u\000t\000p\000u\000t\000\040\000a\000n\000d\000\040\000R\000e\000p\000o\000r\000t\000\040\000F\000i\000e\000l\000d\000\040\000D\000i\000c\000t\000i\000o\000n\000a\000r\000i\000e\000s}{}% 56
\BOOKMARK [2][-]{subsection.11.1}{\376\377\000E\000x\000p\000o\000r\000t\000\040\000F\000a\000m\000i\000l\000i\000e\000s}{section.11}% 57
\BOOKMARK [2][-]{subsection.11.2}{\376\377\000R\000e\000s\000u\000l\000t\000\040\000S\000e\000m\000a\000n\000t\000i\000c\000\040\000C\000o\000n\000v\000e\000n\000t\000i\000o\000n\000s}{section.11}% 58
\BOOKMARK [2][-]{subsection.11.3}{\376\377\000S\000o\000l\000v\000e\000r\000-\000S\000p\000e\000c\000i\000f\000i\000c\000\040\000R\000e\000s\000u\000l\000t\000\040\000N\000o\000t\000e\000s}{section.11}% 59
\BOOKMARK [2][-]{subsection.11.4}{\376\377\000C\000o\000n\000s\000u\000m\000e\000r\000\040\000C\000o\000n\000t\000r\000a\000c\000t\000s}{section.11}% 60
\BOOKMARK [2][-]{subsection.11.5}{\376\377\000P\000o\000w\000e\000r\000-\000F\000l\000o\000w\000\040\000R\000e\000s\000u\000l\000t\000\040\000J\000S\000O\000N}{section.11}% 61
\BOOKMARK [2][-]{subsection.11.6}{\376\377\000D\000e\000d\000i\000c\000a\000t\000e\000d\000\040\000P\000o\000w\000e\000r\000-\000F\000l\000o\000w\000\040\000R\000e\000s\000u\000l\000t\000\040\000S\000h\000e\000e\000t\000s}{section.11}% 62
\BOOKMARK [2][-]{subsection.11.7}{\376\377\000C\000o\000m\000p\000a\000c\000t\000\040\000P\000o\000w\000e\000r\000-\000F\000l\000o\000w\000\040\000R\000e\000s\000u\000l\000t\000\040\000C\000o\000l\000u\000m\000n\000s}{section.11}% 63
\BOOKMARK [2][-]{subsection.11.8}{\376\377\000D\000e\000d\000i\000c\000a\000t\000e\000d\000\040\000O\000P\000F\000\040\000S\000h\000e\000e\000t\000s}{section.11}% 64
\BOOKMARK [2][-]{subsection.11.9}{\376\377\000C\000a\000r\000b\000o\000n\000\040\000R\000e\000s\000u\000l\000t\000\040\000J\000S\000O\000N\000\040\000a\000n\000d\000\040\000W\000o\000r\000k\000b\000o\000o\000k\000\040\000D\000i\000c\000t\000i\000o\000n\000a\000r\000i\000e\000s}{section.11}% 65
\BOOKMARK [2][-]{subsection.11.10}{\376\377\000C\000u\000r\000r\000e\000n\000t\000\040\000O\000u\000t\000p\000u\000t\000-\000S\000i\000d\000e\000\040\000G\000a\000p\000s}{section.11}% 66
\BOOKMARK [1][-]{section.12}{\376\377\000P\000o\000w\000e\000r\000-\000F\000l\000o\000w\000\040\000M\000o\000d\000e\000l\000s}{}% 67
\BOOKMARK [2][-]{subsection.12.1}{\376\377\000S\000c\000o\000p\000e\000\040\000a\000n\000d\000\040\000A\000r\000c\000h\000i\000t\000e\000c\000t\000u\000r\000e\000\040\000O\000v\000e\000r\000v\000i\000e\000w}{section.12}% 68
\BOOKMARK [2][-]{subsection.12.2}{\376\377\000M\000a\000t\000h\000e\000m\000a\000t\000i\000c\000a\000l\000\040\000P\000r\000o\000b\000l\000e\000m\000\040\000F\000o\000r\000m}{section.12}% 69
\BOOKMARK [2][-]{subsection.12.3}{\376\377\000V\000S\000C\000\040\000C\000o\000n\000v\000e\000r\000t\000e\000r\000\040\000M\000o\000d\000e\000l}{section.12}% 70
\BOOKMARK [2][-]{subsection.12.4}{\376\377\000D\000C\000D\000C\000\040\000C\000o\000n\000v\000e\000r\000t\000e\000r\000\040\000M\000o\000d\000e\000l}{section.12}% 71
\BOOKMARK [2][-]{subsection.12.5}{\376\377\000J\000a\000c\000o\000b\000i\000a\000n\000\040\000S\000t\000r\000u\000c\000t\000u\000r\000e}{section.12}% 72
\BOOKMARK [2][-]{subsection.12.6}{\376\377\000H\000y\000b\000r\000i\000d\000\040\000N\000e\000w\000t\000o\000n\000\040\000A\000l\000g\000o\000r\000i\000t\000h\000m}{section.12}% 73
\BOOKMARK [2][-]{subsection.12.7}{\376\377\000F\000a\000s\000t\000-\000D\000e\000c\000o\000u\000p\000l\000e\000d\000\040\000P\000o\000w\000e\000r\000\040\000F\000l\000o\000w\000\040\000\050\000F\000D\000P\000F\000\051}{section.12}% 74
\BOOKMARK [2][-]{subsection.12.8}{\376\377\000D\000C\000-\000O\000n\000l\000y\000\040\000P\000o\000w\000e\000r\000\040\000F\000l\000o\000w}{section.12}% 75
\BOOKMARK [2][-]{subsection.12.9}{\376\377\000A\000d\000a\000p\000t\000i\000v\000e\000\040\000I\000s\000l\000a\000n\000d\000e\000d\000\040\000S\000o\000l\000v\000e\000r}{section.12}% 76
\BOOKMARK [2][-]{subsection.12.10}{\376\377\000H\000E\000L\000M\000\040\000S\000o\000l\000v\000e\000r}{section.12}% 77
\BOOKMARK [2][-]{subsection.12.11}{\376\377\000E\000r\000r\000o\000r\000\040\000H\000a\000n\000d\000l\000i\000n\000g\000\040\000a\000n\000d\000\040\000D\000i\000a\000g\000n\000o\000s\000t\000i\000c\000s}{section.12}% 78
\BOOKMARK [2][-]{subsection.12.12}{\376\377\000M\000a\000i\000n\000t\000a\000i\000n\000a\000b\000i\000l\000i\000t\000y\000\040\000R\000o\000a\000d\000m\000a\000p\000:\000\040\000C\000o\000d\000e\000-\000D\000u\000p\000l\000i\000c\000a\000t\000i\000o\000n\000\040\000I\000n\000v\000e\000n\000t\000o\000r\000y}{section.12}% 79
\BOOKMARK [2][-]{subsection.12.13}{\376\377\000N\000u\000m\000e\000r\000i\000c\000a\000l\000\040\000P\000e\000r\000f\000o\000r\000m\000a\000n\000c\000e\000\040\000\050\000R\000e\000l\000e\000a\000s\000e\000\040\000M\000o\000d\000e\000\051}{section.12}% 80
\BOOKMARK [1][-]{section.13}{\376\377\000A\000d\000v\000a\000n\000c\000e\000d\000\040\000a\000n\000d\000\040\000F\000a\000l\000l\000b\000a\000c\000k\000\040\000P\000o\000w\000e\000r\000-\000F\000l\000o\000w\000\040\000S\000o\000l\000v\000e\000r\000s}{}% 81
\BOOKMARK [2][-]{subsection.13.1}{\376\377\000C\000o\000n\000t\000i\000n\000u\000a\000t\000i\000o\000n\000\040\000P\000o\000w\000e\000r\000\040\000F\000l\000o\000w\000\040\000\050\000C\000P\000F\000\051\000\040\000/\000\040\000V\000o\000l\000t\000a\000g\000e\000\040\000S\000t\000a\000b\000i\000l\000i\000t\000y}{section.13}% 82
\BOOKMARK [3][-]{subsubsection.13.1.1}{\376\377\000P\000a\000r\000a\000m\000e\000t\000e\000r\000i\000z\000e\000d\000\040\000P\000o\000w\000e\000r\000\040\000S\000y\000s\000t\000e\000m}{subsection.13.1}% 83
\BOOKMARK [3][-]{subsubsection.13.1.2}{\376\377\000P\000r\000e\000d\000i\000c\000t\000o\000r\040\023\000C\000o\000r\000r\000e\000c\000t\000o\000r\000\040\000C\000o\000n\000t\000i\000n\000u\000a\000t\000i\000o\000n}{subsection.13.1}% 84
\BOOKMARK [3][-]{subsubsection.13.1.3}{\376\377\000C\000p\000f\000O\000p\000t\000i\000o\000n\000s\000\040\000R\000e\000f\000e\000r\000e\000n\000c\000e}{subsection.13.1}% 85
\BOOKMARK [3][-]{subsubsection.13.1.4}{\376\377\000C\000P\000F\000\040\000R\000e\000s\000u\000l\000t\000\040\000S\000t\000r\000u\000c\000t\000u\000r\000e}{subsection.13.1}% 86
\BOOKMARK [2][-]{subsection.13.2}{\376\377\000H\000o\000m\000o\000t\000o\000p\000y\000\040\000C\000o\000n\000t\000i\000n\000u\000a\000t\000i\000o\000n\000\040\000S\000o\000l\000v\000e\000r}{section.13}% 87
\BOOKMARK [3][-]{subsubsection.13.2.1}{\376\377\000H\000o\000m\000o\000t\000o\000p\000y\000\040\000P\000a\000t\000h}{subsection.13.2}% 88
\BOOKMARK [3][-]{subsubsection.13.2.2}{\376\377\000S\000t\000e\000p\000\040\000A\000d\000a\000p\000t\000a\000t\000i\000o\000n}{subsection.13.2}% 89
\BOOKMARK [2][-]{subsection.13.3}{\376\377\000D\000i\000s\000t\000r\000i\000b\000u\000t\000e\000d\000\040\000S\000l\000a\000c\000k\000\040\000S\000o\000l\000v\000e\000r}{section.13}% 90
\BOOKMARK [3][-]{subsubsection.13.3.1}{\376\377\000P\000r\000o\000b\000l\000e\000m\000\040\000F\000o\000r\000m\000u\000l\000a\000t\000i\000o\000n}{subsection.13.3}% 91
\BOOKMARK [3][-]{subsubsection.13.3.2}{\376\377\000C\000o\000n\000v\000e\000r\000g\000e\000n\000c\000e\000\040\000C\000r\000i\000t\000e\000r\000i\000o\000n}{subsection.13.3}% 92
\BOOKMARK [3][-]{subsubsection.13.3.3}{\376\377\000R\000e\000s\000u\000l\000t\000\040\000S\000t\000r\000u\000c\000t\000u\000r\000e}{subsection.13.3}% 93
\BOOKMARK [2][-]{subsection.13.4}{\376\377\000N\000e\000w\000t\000o\000n\040\023\000K\000r\000y\000l\000o\000v\000\040\000G\000M\000R\000E\000S\000\040\000F\000a\000l\000l\000b\000a\000c\000k\000\040\000\050\000P\000h\000a\000s\000e\000\040\0005\000\051}{section.13}% 94
\BOOKMARK [2][-]{subsection.13.5}{\376\377\000C\000o\000m\000p\000l\000e\000t\000e\000\040\000R\000o\000b\000u\000s\000t\000N\000o\000n\000l\000i\000n\000e\000a\000r\000O\000p\000t\000i\000o\000n\000s\000\040\000R\000e\000f\000e\000r\000e\000n\000c\000e}{section.13}% 95
\BOOKMARK [2][-]{subsection.13.6}{\376\377\000P\000o\000w\000e\000r\000F\000l\000o\000w\000O\000p\000t\000i\000o\000n\000s\000\040\000C\000o\000m\000p\000l\000e\000t\000e\000\040\000R\000e\000f\000e\000r\000e\000n\000c\000e}{section.13}% 96
\BOOKMARK [1][-]{section.14}{\376\377\000O\000p\000t\000i\000m\000a\000l\000\040\000P\000o\000w\000e\000r\000\040\000F\000l\000o\000w\000\040\000M\000o\000d\000e\000l\000s}{}% 97
\BOOKMARK [2][-]{subsection.14.1}{\376\377\000P\000r\000o\000b\000l\000e\000m\000\040\000F\000o\000r\000m\000\040\000a\000n\000d\000\040\000R\000u\000n\000t\000i\000m\000e\000\040\000S\000c\000o\000p\000e}{section.14}% 98
\BOOKMARK [2][-]{subsection.14.2}{\376\377\000C\000o\000d\000e\000\040\000M\000a\000p}{section.14}% 99
\BOOKMARK [2][-]{subsection.14.3}{\376\377\000P\000s\000e\000u\000d\000o\000c\000o\000d\000e\000\040\000M\000a\000p}{section.14}% 100
\BOOKMARK [2][-]{subsection.14.4}{\376\377\000C\000u\000r\000r\000e\000n\000t\000\040\000S\000t\000a\000t\000u\000s}{section.14}% 101
\BOOKMARK [2][-]{subsection.14.5}{\376\377\000T\000o\000p\000-\000L\000e\000v\000e\000l\000\040\000S\000o\000l\000v\000e\000r\000\040\000R\000o\000u\000t\000i\000n\000g}{section.14}% 102
\BOOKMARK [2][-]{subsection.14.6}{\376\377\000F\000a\000s\000t\000\040\000D\000i\000s\000p\000a\000t\000c\000h\000\040\000+\000\040\000P\000F\000\040\000F\000a\000l\000l\000b\000a\000c\000k\000\040\000\050\000A\000C\000-\000O\000n\000l\000y\000\040\000P\000a\000t\000h\000\051}{section.14}% 103
\BOOKMARK [2][-]{subsection.14.7}{\376\377\000N\000a\000t\000i\000v\000e\000\040\000P\000r\000i\000m\000a\000l\000-\000D\000u\000a\000l\000\040\000O\000P\000F\000\040\000F\000o\000r\000m\000u\000l\000a\000t\000i\000o\000n}{section.14}% 104
\BOOKMARK [3][-]{subsubsection.14.7.1}{\376\377\000D\000e\000c\000i\000s\000i\000o\000n\000\040\000V\000a\000r\000i\000a\000b\000l\000e\000s}{subsection.14.7}% 105
\BOOKMARK [3][-]{subsubsection.14.7.2}{\376\377\000O\000b\000j\000e\000c\000t\000i\000v\000e}{subsection.14.7}% 106
\BOOKMARK [3][-]{subsubsection.14.7.3}{\376\377\000E\000q\000u\000a\000l\000i\000t\000y\000\040\000C\000o\000n\000s\000t\000r\000a\000i\000n\000t\000s}{subsection.14.7}% 107
\BOOKMARK [3][-]{subsubsection.14.7.4}{\376\377\000B\000o\000u\000n\000d\000s\000\040\000a\000n\000d\000\040\000N\000o\000n\000l\000i\000n\000e\000a\000r\000\040\000L\000i\000m\000i\000t\000s}{subsection.14.7}% 108
\BOOKMARK [3][-]{subsubsection.14.7.5}{\376\377\000K\000K\000T\000\040\000S\000y\000s\000t\000e\000m\000\040\000a\000n\000d\000\040\000G\000l\000o\000b\000a\000l\000i\000z\000a\000t\000i\000o\000n}{subsection.14.7}% 109
\BOOKMARK [2][-]{subsection.14.8}{\376\377\000P\000a\000r\000i\000t\000y\000\040\000F\000u\000l\000l\000-\000S\000p\000a\000c\000e\000\040\000F\000o\000r\000m\000u\000l\000a\000t\000i\000o\000n}{section.14}% 110
\BOOKMARK [3][-]{subsubsection.14.8.1}{\376\377\000D\000e\000c\000i\000s\000i\000o\000n\000\040\000V\000a\000r\000i\000a\000b\000l\000e\000s}{subsection.14.8}% 111
\BOOKMARK [3][-]{subsubsection.14.8.2}{\376\377\000O\000b\000j\000e\000c\000t\000i\000v\000e}{subsection.14.8}% 112
\BOOKMARK [3][-]{subsubsection.14.8.3}{\376\377\000E\000q\000u\000a\000l\000i\000t\000y\000\040\000C\000o\000n\000s\000t\000r\000a\000i\000n\000t\000s}{subsection.14.8}% 113
\BOOKMARK [3][-]{subsubsection.14.8.4}{\376\377\000I\000n\000e\000q\000u\000a\000l\000i\000t\000y\000\040\000C\000o\000n\000s\000t\000r\000a\000i\000n\000t\000s}{subsection.14.8}% 114
\BOOKMARK [3][-]{subsubsection.14.8.5}{\376\377\000P\000r\000i\000m\000a\000l\000-\000D\000u\000a\000l\000\040\000I\000P\000M\000\040\000S\000y\000s\000t\000e\000m}{subsection.14.8}% 115
\BOOKMARK [2][-]{subsection.14.9}{\376\377\000C\000o\000m\000p\000o\000n\000e\000n\000t\000\040\000C\000o\000v\000e\000r\000a\000g\000e\000\040\000b\000y\000\040\000S\000o\000l\000v\000e\000r\000\040\000P\000a\000t\000h}{section.14}% 116
\BOOKMARK [2][-]{subsection.14.10}{\376\377\000A\000C\000\040\000O\000P\000F\000\040\000R\000e\000s\000u\000l\000t\000\040\000J\000S\000O\000N\000\040\000C\000o\000n\000t\000r\000a\000c\000t}{section.14}% 117
\BOOKMARK [2][-]{subsection.14.11}{\376\377\000F\000a\000l\000l\000b\000a\000c\000k\000\040\000B\000e\000h\000a\000v\000i\000o\000r}{section.14}% 118
\BOOKMARK [2][-]{subsection.14.12}{\376\377\000D\000C\000\040\000O\000p\000t\000i\000m\000a\000l\000\040\000P\000o\000w\000e\000r\000\040\000F\000l\000o\000w\000\040\000\050\000s\000o\000l\000v\000e\000\137\000d\000c\000\137\000o\000p\000f\000\051}{section.14}% 119
\BOOKMARK [3][-]{subsubsection.14.12.1}{\376\377\000D\000e\000c\000i\000s\000i\000o\000n\000\040\000V\000a\000r\000i\000a\000b\000l\000e\000s}{subsection.14.12}% 120
\BOOKMARK [3][-]{subsubsection.14.12.2}{\376\377\000N\000e\000t\000w\000o\000r\000k\000\040\000M\000o\000d\000e\000l}{subsection.14.12}% 121
\BOOKMARK [3][-]{subsubsection.14.12.3}{\376\377\000O\000b\000j\000e\000c\000t\000i\000v\000e\000\040\000F\000u\000n\000c\000t\000i\000o\000n}{subsection.14.12}% 122
\BOOKMARK [3][-]{subsubsection.14.12.4}{\376\377\000C\000o\000n\000s\000t\000r\000a\000i\000n\000t\000s}{subsection.14.12}% 123
\BOOKMARK [3][-]{subsubsection.14.12.5}{\376\377\000S\000o\000l\000v\000e\000r\000\040\000B\000a\000c\000k\000e\000n\000d\000\040\000S\000e\000l\000e\000c\000t\000i\000o\000n}{subsection.14.12}% 124
\BOOKMARK [3][-]{subsubsection.14.12.6}{\376\377\000L\000o\000c\000a\000t\000i\000o\000n\000a\000l\000\040\000M\000a\000r\000g\000i\000n\000a\000l\000\040\000P\000r\000i\000c\000e\000s}{subsection.14.12}% 125
\BOOKMARK [2][-]{subsection.14.13}{\376\377\000R\000e\000a\000c\000t\000i\000v\000e\000\040\000P\000o\000w\000e\000r\000\040\000O\000p\000t\000i\000m\000i\000z\000a\000t\000i\000o\000n\000\040\000\050\000s\000o\000l\000v\000e\000\137\000r\000p\000o\000\051}{section.14}% 126
\BOOKMARK [3][-]{subsubsection.14.13.1}{\376\377\000P\000r\000o\000b\000l\000e\000m\000\040\000S\000t\000r\000u\000c\000t\000u\000r\000e}{subsection.14.13}% 127
\BOOKMARK [3][-]{subsubsection.14.13.2}{\376\377\000O\000b\000j\000e\000c\000t\000i\000v\000e\000\040\000F\000u\000n\000c\000t\000i\000o\000n\000s}{subsection.14.13}% 128
\BOOKMARK [3][-]{subsubsection.14.13.3}{\376\377\000A\000l\000g\000o\000r\000i\000t\000h\000m\000:\000\040\000F\000o\000u\000r\000-\000P\000h\000a\000s\000e\000\040\000O\000u\000t\000e\000r\000\040\000A\000p\000p\000r\000o\000x\000i\000m\000a\000t\000i\000o\000n}{subsection.14.13}% 129
\BOOKMARK [3][-]{subsubsection.14.13.4}{\376\377\000I\000n\000n\000e\000r\000\040\000N\000L\000P\000\040\000S\000o\000l\000v\000e\000r}{subsection.14.13}% 130
\BOOKMARK [3][-]{subsubsection.14.13.5}{\376\377\000R\000e\000s\000u\000l\000t\000\040\000S\000t\000r\000u\000c\000t\000u\000r\000e}{subsection.14.13}% 131
\BOOKMARK [1][-]{section.15}{\376\377\000P\000o\000w\000e\000r\000-\000M\000o\000d\000e\000l\000\040\000B\000u\000i\000l\000d\000e\000r\000s\000\040\000\050\000A\000M\000L\000\040\000L\000a\000y\000e\000r\000\051}{}% 132
\BOOKMARK [2][-]{subsection.15.1}{\376\377\000A\000M\000L\000\040\000A\000b\000s\000t\000r\000a\000c\000t\000i\000o\000n\000\040\000L\000a\000y\000e\000r}{section.15}% 133
\BOOKMARK [2][-]{subsection.15.2}{\376\377\000L\000i\000n\000D\000i\000s\000t\000F\000l\000o\000w\000\040\000B\000u\000i\000l\000d\000e\000r}{section.15}% 134
\BOOKMARK [3][-]{subsubsection.15.2.1}{\376\377\000M\000a\000t\000h\000e\000m\000a\000t\000i\000c\000a\000l\000\040\000F\000o\000r\000m\000u\000l\000a\000t\000i\000o\000n}{subsection.15.2}% 135
\BOOKMARK [3][-]{subsubsection.15.2.2}{\376\377\000I\000n\000p\000u\000t\000/\000O\000u\000t\000p\000u\000t\000\040\000S\000t\000r\000u\000c\000t\000s}{subsection.15.2}% 136
\BOOKMARK [2][-]{subsection.15.3}{\376\377\000A\000C\000\040\000O\000P\000F\000\040\000B\000u\000i\000l\000d\000e\000r}{section.15}% 137
\BOOKMARK [3][-]{subsubsection.15.3.1}{\376\377\000M\000a\000t\000h\000e\000m\000a\000t\000i\000c\000a\000l\000\040\000F\000o\000r\000m\000u\000l\000a\000t\000i\000o\000n}{subsection.15.3}% 138
\BOOKMARK [3][-]{subsubsection.15.3.2}{\376\377\000I\000n\000p\000u\000t\000\040\000S\000t\000r\000u\000c\000t\000s}{subsection.15.3}% 139
\BOOKMARK [2][-]{subsection.15.4}{\376\377\000H\000y\000b\000r\000i\000d\000\040\000A\000C\000/\000D\000C\000\040\000O\000P\000F\000\040\000B\000u\000i\000l\000d\000e\000r}{section.15}% 140
\BOOKMARK [3][-]{subsubsection.15.4.1}{\376\377\000M\000a\000t\000h\000e\000m\000a\000t\000i\000c\000a\000l\000\040\000F\000o\000r\000m\000u\000l\000a\000t\000i\000o\000n}{subsection.15.4}% 141
\BOOKMARK [3][-]{subsubsection.15.4.2}{\376\377\000A\000d\000d\000i\000t\000i\000o\000n\000a\000l\000\040\000I\000n\000p\000u\000t\000\040\000S\000t\000r\000u\000c\000t\000s}{subsection.15.4}% 142
\BOOKMARK [2][-]{subsection.15.5}{\376\377\000S\000e\000c\000u\000r\000i\000t\000y\000-\000C\000o\000n\000s\000t\000r\000a\000i\000n\000e\000d\000\040\000U\000n\000i\000t\000\040\000C\000o\000m\000m\000i\000t\000m\000e\000n\000t\000\040\000\050\000S\000C\000U\000C\000\051\000\040\000B\000u\000i\000l\000d\000e\000r}{section.15}% 143
\BOOKMARK [3][-]{subsubsection.15.5.1}{\376\377\000M\000a\000t\000h\000e\000m\000a\000t\000i\000c\000a\000l\000\040\000F\000o\000r\000m\000u\000l\000a\000t\000i\000o\000n}{subsection.15.5}% 144
\BOOKMARK [3][-]{subsubsection.15.5.2}{\376\377\000I\000n\000p\000u\000t\000/\000O\000u\000t\000p\000u\000t\000\040\000S\000t\000r\000u\000c\000t\000s}{subsection.15.5}% 145
\BOOKMARK [1][-]{section.16}{\376\377\000I\000/\000O\000\040\000L\000a\000y\000e\000r\000:\000\040\000P\000a\000r\000s\000e\000r\000s\000,\000\040\000C\000a\000s\000e\000\040\000B\000u\000i\000l\000d\000e\000r\000s\000,\000\040\000a\000n\000d\000\040\000J\000S\000O\000N\000\040\000C\000o\000n\000t\000r\000a\000c\000t\000s}{}% 146
\BOOKMARK [2][-]{subsection.16.1}{\376\377\000M\000A\000T\000P\000O\000W\000E\000R\000\040\000P\000a\000r\000s\000e\000r}{section.16}% 147
\BOOKMARK [2][-]{subsection.16.2}{\376\377\000J\000S\000O\000N\000\040\000I\000/\000O}{section.16}% 148
\BOOKMARK [2][-]{subsection.16.3}{\376\377\000P\000r\000e\000-\000b\000u\000i\000l\000t\000\040\000T\000e\000s\000t\000\040\000N\000e\000t\000w\000o\000r\000k\000s\000\040\000\050\000c\000a\000s\000e\000\137\000b\000u\000i\000l\000d\000e\000r\000s\000.\000h\000p\000p\000\051}{section.16}% 149
\BOOKMARK [1][-]{section.17}{\376\377\000T\000e\000s\000t\000\040\000S\000u\000i\000t\000e}{}% 150
\BOOKMARK [2][-]{subsection.17.1}{\376\377\000T\000e\000s\000t\000\040\000F\000i\000l\000e\000\040\000O\000v\000e\000r\000v\000i\000e\000w}{section.17}% 151
\BOOKMARK [2][-]{subsection.17.2}{\376\377\000E\000x\000a\000m\000p\000l\000e\000\040\000T\000e\000s\000t\000\040\000P\000a\000t\000t\000e\000r\000n}{section.17}% 152
\BOOKMARK [1][-]{section.18}{\376\377\000A\000r\000c\000h\000i\000t\000e\000c\000t\000u\000r\000e\000\040\000A\000s\000s\000e\000s\000s\000m\000e\000n\000t\000\040\000a\000n\000d\000\040\000R\000o\000a\000d\000m\000a\000p}{}% 153
\BOOKMARK [2][-]{subsection.18.1}{\376\377\000O\000v\000e\000r\000a\000l\000l\000\040\000Q\000u\000a\000l\000i\000t\000y\000\040\000A\000s\000s\000e\000s\000s\000m\000e\000n\000t}{section.18}% 154
\BOOKMARK [2][-]{subsection.18.2}{\376\377\000C\000o\000n\000f\000i\000r\000m\000e\000d\000\040\000S\000t\000r\000e\000n\000g\000t\000h\000s}{section.18}% 155
\BOOKMARK [3][-]{subsubsection.18.2.1}{\376\377\000H\000o\000r\000i\000z\000o\000n\000t\000a\000l\000\040\000I\000n\000f\000r\000a\000s\000t\000r\000u\000c\000t\000u\000r\000e\000\040\000L\000a\000y\000e\000r}{subsection.18.2}% 156
\BOOKMARK [3][-]{subsubsection.18.2.2}{\376\377\000M\000o\000n\000a\000d\000i\000c\000\040\000R\000e\000s\000u\000l\000t\000\040\000H\000a\000n\000d\000l\000i\000n\000g}{subsection.18.2}% 157
\BOOKMARK [3][-]{subsubsection.18.2.3}{\376\377\000B\000a\000c\000k\000w\000a\000r\000d\000-\000C\000o\000m\000p\000a\000t\000i\000b\000l\000e\000\040\000O\000p\000t\000i\000o\000n\000\040\000R\000e\000f\000a\000c\000t\000o\000r\000i\000n\000g}{subsection.18.2}% 158
\BOOKMARK [3][-]{subsubsection.18.2.4}{\376\377\000E\000x\000p\000l\000i\000c\000i\000t\000\040\000V\000a\000l\000i\000d\000a\000t\000i\000o\000n\000\040\000S\000u\000b\000s\000y\000s\000t\000e\000m}{subsection.18.2}% 159
\BOOKMARK [3][-]{subsubsection.18.2.5}{\376\377\000P\000r\000o\000j\000e\000c\000t\000i\000o\000n\000\040\000p\000l\000u\000s\000\040\000A\000s\000s\000e\000m\000b\000l\000y\000\040\000S\000e\000p\000a\000r\000a\000t\000i\000o\000n}{subsection.18.2}% 160
\BOOKMARK [3][-]{subsubsection.18.2.6}{\376\377\000C\000e\000n\000t\000r\000a\000l\000i\000s\000e\000d\000\040\000D\000e\000f\000a\000u\000l\000t\000s}{subsection.18.2}% 161
\BOOKMARK [2][-]{subsection.18.3}{\376\377\000R\000e\000m\000a\000i\000n\000i\000n\000g\000\040\000D\000e\000s\000i\000g\000n\000\040\000R\000i\000s\000k\000s}{section.18}% 162
\BOOKMARK [3][-]{subsubsection.18.3.1}{\376\377\000A\000n\000a\000l\000y\000s\000i\000s\000\040\000L\000a\000y\000e\000r\000\040\000M\000a\000y\000\040\000B\000e\000c\000o\000m\000e\000\040\000T\000o\000o\000\040\000B\000r\000o\000a\000d}{subsection.18.3}% 163
\BOOKMARK [3][-]{subsubsection.18.3.2}{\376\377\000T\000h\000r\000e\000e\000-\000P\000h\000a\000s\000e\000\040\000a\000n\000d\000\040\000B\000a\000l\000a\000n\000c\000e\000d\000\040\000P\000F\000\040\000S\000h\000o\000u\000l\000d\000\040\000N\000o\000t\000\040\000S\000h\000a\000r\000e\000\040\000O\000n\000e\000\040\000A\000b\000s\000t\000r\000a\000c\000t\000i\000o\000n}{subsection.18.3}% 164
\BOOKMARK [3][-]{subsubsection.18.3.3}{\376\377\000E\000r\000r\000o\000r\000\040\000H\000a\000n\000d\000l\000i\000n\000g\000\040\000P\000o\000l\000i\000c\000y\000\040\000N\000e\000e\000d\000s\000\040\000E\000x\000p\000l\000i\000c\000i\000t\000\040\000D\000e\000f\000i\000n\000i\000t\000i\000o\000n}{subsection.18.3}% 165
\BOOKMARK [3][-]{subsubsection.18.3.4}{\376\377\000F\000i\000e\000l\000d\000\040\000D\000i\000c\000t\000i\000o\000n\000a\000r\000y\000\040\000/\000\040\000S\000e\000r\000i\000a\000l\000i\000z\000e\000r\000\040\000D\000r\000i\000f\000t}{subsection.18.3}% 166
\BOOKMARK [3][-]{subsubsection.18.3.5}{\376\377\000B\000a\000c\000k\000e\000n\000d\000\040\000C\000a\000p\000a\000b\000i\000l\000i\000t\000y\000\040\000D\000i\000s\000c\000o\000v\000e\000r\000y}{subsection.18.3}% 167
\BOOKMARK [2][-]{subsection.18.4}{\376\377\000M\000o\000d\000u\000l\000e\000-\000L\000e\000v\000e\000l\000\040\000R\000e\000c\000o\000m\000m\000e\000n\000d\000a\000t\000i\000o\000n\000s}{section.18}% 168
\BOOKMARK [3][-]{subsubsection.18.4.1}{\376\377\000M\000o\000d\000e\000l\000\040\000L\000a\000y\000e\000r}{subsection.18.4}% 169
\BOOKMARK [3][-]{subsubsection.18.4.2}{\376\377\000V\000a\000l\000i\000d\000a\000t\000i\000o\000n\000\040\000L\000a\000y\000e\000r}{subsection.18.4}% 170
\BOOKMARK [3][-]{subsubsection.18.4.3}{\376\377\000P\000r\000o\000j\000e\000c\000t\000i\000o\000n\000\040\000L\000a\000y\000e\000r}{subsection.18.4}% 171
\BOOKMARK [3][-]{subsubsection.18.4.4}{\376\377\000A\000s\000s\000e\000m\000b\000l\000y\000\040\000L\000a\000y\000e\000r}{subsection.18.4}% 172
\BOOKMARK [3][-]{subsubsection.18.4.5}{\376\377\000P\000o\000w\000e\000r\000-\000F\000l\000o\000w\000\040\000L\000a\000y\000e\000r}{subsection.18.4}% 173
\BOOKMARK [3][-]{subsubsection.18.4.6}{\376\377\000O\000P\000F\000\040\000L\000a\000y\000e\000r}{subsection.18.4}% 174
\BOOKMARK [3][-]{subsubsection.18.4.7}{\376\377\000I\000/\000O\000\040\000L\000a\000y\000e\000r}{subsection.18.4}% 175
\BOOKMARK [3][-]{subsubsection.18.4.8}{\376\377\000A\000n\000a\000l\000y\000s\000i\000s\000\040\000S\000u\000i\000t\000e}{subsection.18.4}% 176
\BOOKMARK [2][-]{subsection.18.5}{\376\377\000R\000e\000c\000o\000m\000m\000e\000n\000d\000e\000d\000\040\000T\000e\000s\000t\000i\000n\000g\000\040\000M\000a\000t\000r\000i\000x}{section.18}% 177
\BOOKMARK [2][-]{subsection.18.6}{\376\377\000R\000e\000c\000o\000m\000m\000e\000n\000d\000e\000d\000\040\000C\000I\000\040\000P\000i\000p\000e\000l\000i\000n\000e}{section.18}% 178
\BOOKMARK [2][-]{subsection.18.7}{\376\377\000D\000e\000p\000e\000n\000d\000e\000n\000c\000y\000\040\000B\000o\000u\000n\000d\000a\000r\000y\000\040\000R\000u\000l\000e\000s}{section.18}% 179
\BOOKMARK [3][-]{subsubsection.18.7.1}{\376\377\000A\000l\000l\000o\000w\000e\000d\000\040\000D\000e\000p\000e\000n\000d\000e\000n\000c\000i\000e\000s}{subsection.18.7}% 180
\BOOKMARK [3][-]{subsubsection.18.7.2}{\376\377\000D\000i\000s\000a\000l\000l\000o\000w\000e\000d\000\040\000D\000e\000p\000e\000n\000d\000e\000n\000c\000i\000e\000s}{subsection.18.7}% 181
\BOOKMARK [2][-]{subsection.18.8}{\376\377\000P\000r\000i\000o\000r\000i\000t\000y\000\040\000R\000o\000a\000d\000m\000a\000p}{section.18}% 182
\BOOKMARK [2][-]{subsection.18.9}{\376\377\000E\000x\000a\000m\000p\000l\000e\000\040\000C\000l\000e\000a\000n\000\040\000P\000u\000b\000l\000i\000c\000\040\000W\000o\000r\000k\000f\000l\000o\000w}{section.18}% 183
\BOOKMARK [2][-]{subsection.18.10}{\376\377\000F\000i\000n\000a\000l\000\040\000R\000e\000c\000o\000m\000m\000e\000n\000d\000a\000t\000i\000o\000n\000\040\000S\000u\000m\000m\000a\000r\000y}{section.18}% 184
\BOOKMARK [1][-]{section.19}{\376\377\000C\000o\000m\000p\000l\000e\000t\000e\000\040\000D\000a\000t\000a\000\040\000M\000o\000d\000e\000l\000:\000\040\000E\000n\000u\000m\000e\000r\000a\000t\000i\000o\000n\000s\000,\000\040\000D\000e\000f\000a\000u\000l\000t\000s\000,\000\040\000a\000n\000d\000\040\000E\000r\000r\000o\000r\000\040\000T\000y\000p\000e\000s}{}% 185
\BOOKMARK [2][-]{subsection.19.1}{\376\377\000E\000n\000u\000m\000e\000r\000a\000t\000i\000o\000n\000\040\000H\000i\000e\000r\000a\000r\000c\000h\000y}{section.19}% 186
\BOOKMARK [3][-]{subsubsection.19.1.1}{\376\377\000B\000u\000s\000\040\000T\000y\000p\000e\000\040\000E\000n\000u\000m\000e\000r\000a\000t\000i\000o\000n\000s}{subsection.19.1}% 187
\BOOKMARK [3][-]{subsubsection.19.1.2}{\376\377\000G\000e\000n\000e\000r\000a\000t\000o\000r\000\040\000E\000n\000u\000m\000e\000r\000a\000t\000i\000o\000n\000s}{subsection.19.1}% 188
\BOOKMARK [3][-]{subsubsection.19.1.3}{\376\377\000C\000o\000n\000v\000e\000r\000t\000e\000r\000\040\000a\000n\000d\000\040\000L\000o\000s\000s\000\040\000M\000o\000d\000e\000l\000\040\000E\000n\000u\000m\000e\000r\000a\000t\000i\000o\000n\000s}{subsection.19.1}% 189
\BOOKMARK [3][-]{subsubsection.19.1.4}{\376\377\000L\000o\000a\000d\000,\000\040\000S\000t\000o\000r\000a\000g\000e\000,\000\040\000a\000n\000d\000\040\000R\000e\000n\000e\000w\000a\000b\000l\000e\000\040\000E\000n\000u\000m\000e\000r\000a\000t\000i\000o\000n\000s}{subsection.19.1}% 190
\BOOKMARK [3][-]{subsubsection.19.1.5}{\376\377\000S\000w\000i\000t\000c\000h\000i\000n\000g\000\040\000a\000n\000d\000\040\000G\000r\000i\000d\000\040\000E\000n\000u\000m\000e\000r\000a\000t\000i\000o\000n\000s}{subsection.19.1}% 191
\BOOKMARK [2][-]{subsection.19.2}{\376\377\000E\000n\000u\000m\000S\000t\000r\000i\000n\000g\000s\000\040\000U\000t\000i\000l\000i\000t\000y}{section.19}% 192
\BOOKMARK [2][-]{subsection.19.3}{\376\377\000D\000e\000f\000a\000u\000l\000t\000s\000:\000\040\000S\000y\000s\000t\000e\000m\000-\000W\000i\000d\000e\000\040\000N\000u\000m\000e\000r\000i\000c\000a\000l\000\040\000C\000o\000n\000s\000t\000a\000n\000t\000s}{section.19}% 193
\BOOKMARK [2][-]{subsection.19.4}{\376\377\000S\000t\000r\000u\000c\000t\000u\000r\000e\000d\000\040\000E\000r\000r\000o\000r\000\040\000a\000n\000d\000\040\000R\000e\000s\000u\000l\000t\000\040\000T\000y\000p\000e\000s}{section.19}% 194
\BOOKMARK [3][-]{subsubsection.19.4.1}{\376\377\000E\000r\000r\000o\000r\000C\000o\000d\000e\000\040\000E\000n\000u\000m\000e\000r\000a\000t\000i\000o\000n}{subsection.19.4}% 195
\BOOKMARK [3][-]{subsubsection.19.4.2}{\376\377\000E\000r\000r\000o\000r\000\040\000D\000e\000s\000c\000r\000i\000p\000t\000o\000r}{subsection.19.4}% 196
\BOOKMARK [3][-]{subsubsection.19.4.3}{\376\377\000R\000e\000s\000u\000l\000t\000<\000T\000>\000\040\000M\000o\000n\000a\000d}{subsection.19.4}% 197
\BOOKMARK [2][-]{subsection.19.5}{\376\377\000V\000a\000l\000i\000d\000a\000t\000i\000o\000n\000\040\000S\000u\000b\000s\000y\000s\000t\000e\000m}{section.19}% 198
\BOOKMARK [3][-]{subsubsection.19.5.1}{\376\377\000V\000a\000l\000i\000d\000a\000t\000i\000o\000n\000R\000e\000p\000o\000r\000t\000\040\000a\000n\000d\000\040\000V\000a\000l\000i\000d\000a\000t\000i\000o\000n\000I\000s\000s\000u\000e}{subsection.19.5}% 199
\BOOKMARK [3][-]{subsubsection.19.5.2}{\376\377\000V\000a\000l\000i\000d\000a\000t\000i\000o\000n\000\040\000C\000h\000e\000c\000k\000s}{subsection.19.5}% 200
\BOOKMARK [1][-]{section.20}{\376\377\000S\000o\000l\000v\000e\000r\000\040\000I\000n\000f\000r\000a\000s\000t\000r\000u\000c\000t\000u\000r\000e\000:\000\040\000A\000s\000s\000e\000m\000b\000l\000y\000,\000\040\000P\000r\000o\000j\000e\000c\000t\000i\000o\000n\000,\000\040\000B\000a\000c\000k\000e\000n\000d\000,\000\040\000a\000n\000d\000\040\000U\000t\000i\000l\000i\000t\000i\000e\000s}{}% 201
\BOOKMARK [2][-]{subsection.20.1}{\376\377\000A\000s\000s\000e\000m\000b\000l\000y\000\040\000L\000a\000y\000e\000r}{section.20}% 202
\BOOKMARK [3][-]{subsubsection.20.1.1}{\376\377\000S\000o\000l\000v\000e\000r\000D\000a\000t\000a}{subsection.20.1}% 203
\BOOKMARK [3][-]{subsubsection.20.1.2}{\376\377\000I\000n\000d\000e\000x\000\040\000M\000a\000p\000s}{subsection.20.1}% 204
\BOOKMARK [3][-]{subsubsection.20.1.3}{\376\377\000A\000d\000m\000i\000t\000t\000a\000n\000c\000e\000\040\000\050\000Y\000-\000b\000u\000s\000\051\000\040\000B\000u\000i\000l\000d\000e\000r}{subsection.20.1}% 205
\BOOKMARK [2][-]{subsection.20.2}{\376\377\000P\000r\000o\000j\000e\000c\000t\000i\000o\000n\000\040\000L\000a\000y\000e\000r}{section.20}% 206
\BOOKMARK [3][-]{subsubsection.20.2.1}{\376\377\000C\000a\000n\000o\000n\000i\000c\000a\000l\000\040\000N\000e\000t\000w\000o\000r\000k\000\040\000T\000y\000p\000e\000s}{subsection.20.2}% 207
\BOOKMARK [3][-]{subsubsection.20.2.2}{\376\377\000P\000r\000o\000j\000e\000c\000t\000i\000o\000n\000\040\000F\000u\000n\000c\000t\000i\000o\000n\000s}{subsection.20.2}% 208
\BOOKMARK [2][-]{subsection.20.3}{\376\377\000B\000a\000c\000k\000e\000n\000d\000\040\000S\000o\000l\000v\000e\000r\000\040\000A\000b\000s\000t\000r\000a\000c\000t\000i\000o\000n\000s}{section.20}% 209
\BOOKMARK [3][-]{subsubsection.20.3.1}{\376\377\000L\000i\000n\000e\000a\000r\000\040\000S\000o\000l\000v\000e\000r\000\040\000B\000a\000c\000k\000e\000n\000d}{subsection.20.3}% 210
\BOOKMARK [3][-]{subsubsection.20.3.2}{\376\377\000N\000L\000P\000\040\000S\000o\000l\000v\000e\000r\000\040\000B\000a\000c\000k\000e\000n\000d}{subsection.20.3}% 211
\BOOKMARK [3][-]{subsubsection.20.3.3}{\376\377\000Q\000P\000\040\000S\000o\000l\000v\000e\000r\000\040\000B\000a\000c\000k\000e\000n\000d}{subsection.20.3}% 212
\BOOKMARK [2][-]{subsection.20.4}{\376\377\000T\000h\000r\000e\000a\000d\000\040\000P\000o\000o\000l}{section.20}% 213
\BOOKMARK [2][-]{subsection.20.5}{\376\377\000D\000e\000t\000a\000i\000l\000\040\000U\000t\000i\000l\000i\000t\000i\000e\000s}{section.20}% 214
\BOOKMARK [1][-]{section.21}{\376\377\000P\000o\000w\000e\000r\000-\000F\000l\000o\000w\000\040\000O\000p\000t\000i\000o\000n\000s\000,\000\040\000R\000e\000s\000u\000l\000t\000s\000,\000\040\000a\000n\000d\000\040\000N\000C\000P\000\040\000C\000o\000m\000p\000l\000e\000m\000e\000n\000t\000a\000r\000i\000t\000y}{}% 215
\BOOKMARK [2][-]{subsection.21.1}{\376\377\000P\000o\000w\000e\000r\000F\000l\000o\000w\000O\000p\000t\000i\000o\000n\000s\000\040\000S\000u\000b\000-\000S\000t\000r\000u\000c\000t\000s}{section.21}% 216
\BOOKMARK [3][-]{subsubsection.21.1.1}{\376\377\000C\000o\000n\000v\000e\000r\000g\000e\000n\000c\000e\000O\000p\000t\000i\000o\000n\000s}{subsection.21.1}% 217
\BOOKMARK [3][-]{subsubsection.21.1.2}{\376\377\000L\000i\000n\000e\000a\000r\000S\000o\000l\000v\000e\000r\000O\000p\000t\000i\000o\000n\000s}{subsection.21.1}% 218
\BOOKMARK [3][-]{subsubsection.21.1.3}{\376\377\000G\000l\000o\000b\000a\000l\000i\000z\000a\000t\000i\000o\000n\000O\000p\000t\000i\000o\000n\000s}{subsection.21.1}% 219
\BOOKMARK [3][-]{subsubsection.21.1.4}{\376\377\000P\000V\000P\000Q\000S\000w\000i\000t\000c\000h\000i\000n\000g\000O\000p\000t\000i\000o\000n\000s}{subsection.21.1}% 220
\BOOKMARK [3][-]{subsubsection.21.1.5}{\376\377\000C\000o\000n\000v\000e\000r\000t\000e\000r\000M\000o\000d\000e\000O\000p\000t\000i\000o\000n\000s}{subsection.21.1}% 221
\BOOKMARK [3][-]{subsubsection.21.1.6}{\376\377\000Z\000i\000p\000L\000o\000a\000d\000O\000p\000t\000i\000o\000n\000s}{subsection.21.1}% 222
\BOOKMARK [3][-]{subsubsection.21.1.7}{\376\377\000R\000u\000n\000t\000i\000m\000e\000O\000p\000t\000i\000o\000n\000s}{subsection.21.1}% 223
\BOOKMARK [2][-]{subsection.21.2}{\376\377\000P\000o\000w\000e\000r\000-\000F\000l\000o\000w\000\040\000R\000e\000s\000u\000l\000t\000\040\000H\000i\000e\000r\000a\000r\000c\000h\000y}{section.21}% 224
\BOOKMARK [3][-]{subsubsection.21.2.1}{\376\377\000R\000e\000s\000i\000d\000u\000a\000l\000B\000r\000e\000a\000k\000d\000o\000w\000n}{subsection.21.2}% 225
\BOOKMARK [3][-]{subsubsection.21.2.2}{\376\377\000I\000t\000e\000r\000a\000t\000i\000o\000n\000L\000o\000g\000E\000n\000t\000r\000y}{subsection.21.2}% 226
\BOOKMARK [3][-]{subsubsection.21.2.3}{\376\377\000S\000o\000l\000v\000e\000r\000D\000i\000a\000g\000n\000o\000s\000t\000i\000c\000s}{subsection.21.2}% 227
\BOOKMARK [3][-]{subsubsection.21.2.4}{\376\377\000S\000o\000l\000v\000e\000r\000P\000r\000o\000f\000i\000l\000i\000n\000g}{subsection.21.2}% 228
\BOOKMARK [3][-]{subsubsection.21.2.5}{\376\377\000C\000o\000m\000p\000o\000n\000e\000n\000t\000\040\000F\000l\000o\000w\000\040\000R\000e\000s\000u\000l\000t\000\040\000T\000y\000p\000e\000s}{subsection.21.2}% 229
\BOOKMARK [3][-]{subsubsection.21.2.6}{\376\377\000T\000o\000p\000-\000L\000e\000v\000e\000l\000\040\000R\000e\000s\000u\000l\000t\000\040\000T\000y\000p\000e\000s}{subsection.21.2}% 230
\BOOKMARK [2][-]{subsection.21.3}{\376\377\000F\000i\000s\000c\000h\000e\000r\000-\000B\000u\000r\000m\000e\000i\000s\000t\000e\000r\000\040\000N\000C\000P\000\040\000F\000u\000n\000c\000t\000i\000o\000n\000s}{section.21}% 231
\BOOKMARK [3][-]{subsubsection.21.3.1}{\376\377\000S\000t\000a\000n\000d\000a\000r\000d\000\040\000F\000i\000s\000c\000h\000e\000r\000-\000B\000u\000r\000m\000e\000i\000s\000t\000e\000r\000\040\000F\000u\000n\000c\000t\000i\000o\000n}{subsection.21.3}% 232
\BOOKMARK [3][-]{subsubsection.21.3.2}{\376\377\000P\000V\000/\000P\000Q\000\040\000C\000o\000m\000p\000l\000e\000m\000e\000n\000t\000a\000r\000i\000t\000y\000\040\000E\000q\000u\000a\000t\000i\000o\000n}{subsection.21.3}% 233
\BOOKMARK [3][-]{subsubsection.21.3.3}{\376\377\000S\000m\000o\000o\000t\000h\000\040\000\050\000-\000P\000e\000r\000t\000u\000r\000b\000e\000d\000\051\000\040\000F\000i\000s\000c\000h\000e\000r\000-\000B\000u\000r\000m\000e\000i\000s\000t\000e\000r}{subsection.21.3}% 234
\BOOKMARK [1][-]{section.22}{\376\377\000A\000n\000a\000l\000y\000s\000i\000s\000\040\000S\000u\000i\000t\000e\000:\000\040\000C\000a\000r\000b\000o\000n\000,\000\040\000D\000i\000s\000t\000r\000i\000b\000u\000t\000i\000o\000n\000,\000\040\000R\000e\000l\000i\000a\000b\000i\000l\000i\000t\000y\000,\000\040\000a\000n\000d\000\040\000T\000i\000m\000e\000\040\000S\000e\000r\000i\000e\000s}{}% 235
\BOOKMARK [2][-]{subsection.22.1}{\376\377\000C\000a\000r\000b\000o\000n\000\040\000E\000m\000i\000s\000s\000i\000o\000n\000s\000\040\000A\000n\000a\000l\000y\000s\000i\000s}{section.22}% 236
\BOOKMARK [3][-]{subsubsection.22.1.1}{\376\377\000O\000p\000t\000i\000o\000n\000s\000\040\000a\000n\000d\000\040\000R\000e\000s\000u\000l\000t\000\040\000T\000y\000p\000e\000s}{subsection.22.1}% 237
\BOOKMARK [3][-]{subsubsection.22.1.2}{\376\377\000E\000m\000i\000s\000s\000i\000o\000n\000s\000S\000u\000m\000m\000a\000r\000y}{subsection.22.1}% 238
\BOOKMARK [2][-]{subsection.22.2}{\376\377\000D\000i\000s\000t\000r\000i\000b\000u\000t\000i\000o\000n\000\040\000N\000e\000t\000w\000o\000r\000k\000\040\000P\000o\000w\000e\000r\000\040\000F\000l\000o\000w}{section.22}% 239
\BOOKMARK [3][-]{subsubsection.22.2.1}{\376\377\000D\000i\000s\000t\000r\000i\000b\000u\000t\000i\000o\000n\000\040\000P\000F\000\040\000O\000p\000t\000i\000o\000n\000s\000\040\000a\000n\000d\000\040\000R\000e\000s\000u\000l\000t\000s}{subsection.22.2}% 240
\BOOKMARK [2][-]{subsection.22.3}{\376\377\000T\000h\000r\000e\000e\000-\000P\000h\000a\000s\000e\000\040\000U\000n\000b\000a\000l\000a\000n\000c\000e\000d\000\040\000P\000o\000w\000e\000r\000\040\000F\000l\000o\000w}{section.22}% 241
\BOOKMARK [2][-]{subsection.22.4}{\376\377\000P\000V\000\040\000A\000r\000r\000a\000y\000\040\000P\000o\000w\000e\000r\000\040\000C\000u\000r\000v\000e\000\040\000M\000o\000d\000e\000l}{section.22}% 242
\BOOKMARK [2][-]{subsection.22.5}{\376\377\000R\000e\000l\000i\000a\000b\000i\000l\000i\000t\000y\000\040\000A\000s\000s\000e\000s\000s\000m\000e\000n\000t}{section.22}% 243
\BOOKMARK [2][-]{subsection.22.6}{\376\377\000R\000e\000s\000i\000l\000i\000e\000n\000c\000e\000\040\000A\000s\000s\000e\000s\000s\000m\000e\000n\000t}{section.22}% 244
\BOOKMARK [2][-]{subsection.22.7}{\376\377\000T\000i\000m\000e\000-\000S\000e\000r\000i\000e\000s\000\040\000P\000o\000w\000e\000r\000\040\000F\000l\000o\000w}{section.22}% 245
\BOOKMARK [3][-]{subsubsection.22.7.1}{\376\377\000T\000i\000m\000e\000-\000S\000e\000r\000i\000e\000s\000\040\000D\000a\000t\000a\000\040\000M\000o\000d\000e\000l}{subsection.22.7}% 246
\BOOKMARK [3][-]{subsubsection.22.7.2}{\376\377\000T\000i\000m\000e\000-\000S\000e\000r\000i\000e\000s\000\040\000P\000F\000\040\000R\000e\000s\000u\000l\000t\000s}{subsection.22.7}% 247
\BOOKMARK [1][-]{section.23}{\376\377\000T\000e\000s\000t\000\040\000S\000u\000i\000t\000e\000:\000\040\000D\000e\000s\000i\000g\000n\000,\000\040\000C\000o\000v\000e\000r\000a\000g\000e\000,\000\040\000a\000n\000d\000\040\000R\000e\000s\000u\000l\000t\000s}{}% 248
\BOOKMARK [2][-]{subsection.23.1}{\376\377\000O\000v\000e\000r\000v\000i\000e\000w\000\040\000o\000f\000\040\000t\000h\000e\000\040\000E\000i\000g\000h\000t\000\040\000N\000e\000w\000\040\000S\000u\000i\000t\000e\000s}{section.23}% 249
\BOOKMARK [2][-]{subsection.23.2}{\376\377\000t\000e\000s\000t\000\137\000h\000a\000c\000d\000c\000d\000s\000s\000:\000\040\000M\000o\000d\000e\000l\000,\000\040\000P\000o\000w\000e\000r\000\040\000M\000o\000d\000e\000l\000s\000,\000\040\000P\000o\000w\000e\000r\000\040\000F\000l\000o\000w\000,\000\040\000D\000C\000\040\000O\000P\000F}{section.23}% 250
\BOOKMARK [3][-]{subsubsection.23.2.1}{\376\377\000M\000o\000d\000u\000l\000e\000:\000\040\000M\000o\000d\000e\000l\000\040\000\050\000t\000e\000s\000t\000s\000\040\000\043\0004\0008\040\023\000\043\0005\0001\000\051}{subsection.23.2}% 251
\BOOKMARK [3][-]{subsubsection.23.2.2}{\376\377\000M\000o\000d\000u\000l\000e\000:\000\040\000P\000o\000w\000e\000r\000\040\000M\000o\000d\000e\000l\000s\000\040\000\050\000t\000e\000s\000t\000s\000\040\000\043\0005\0002\040\023\000\043\0005\0004\000\051}{subsection.23.2}% 252
\BOOKMARK [3][-]{subsubsection.23.2.3}{\376\377\000M\000o\000d\000u\000l\000e\000:\000\040\000P\000o\000w\000e\000r\000\040\000F\000l\000o\000w\000\040\000\050\000t\000e\000s\000t\000s\000\040\000\043\0005\0005\040\023\000\043\0006\0000\000\051}{subsection.23.2}% 253
\BOOKMARK [3][-]{subsubsection.23.2.4}{\376\377\000M\000o\000d\000u\000l\000e\000:\000\040\000D\000C\000\040\000O\000P\000F\000\040\000\050\000t\000e\000s\000t\000s\000\040\000\043\0006\0001\040\023\000\043\0006\0003\000\051}{subsection.23.2}% 254
\BOOKMARK [2][-]{subsection.23.3}{\376\377\000t\000e\000s\000t\000\137\000i\000o\000\137\000j\000s\000o\000n\000:\000\040\000J\000S\000O\000N\000\040\000I\000/\000O\000\040\000a\000n\000d\000\040\000M\000A\000T\000P\000O\000W\000E\000R\000\040\000P\000a\000r\000s\000i\000n\000g}{section.23}% 255
\BOOKMARK [3][-]{subsubsection.23.3.1}{\376\377\000J\000S\000O\000N\000\040\000R\000o\000u\000n\000d\000-\000t\000r\000i\000p\000\040\000F\000i\000d\000e\000l\000i\000t\000y\000\040\000\050\000t\000e\000s\000t\000s\000\040\000\043\0006\0004\040\023\000\043\0006\0007\000\051}{subsection.23.3}% 256
\BOOKMARK [3][-]{subsubsection.23.3.2}{\376\377\000S\000a\000f\000e\000\040\000M\000o\000n\000a\000d\000i\000c\000\040\000A\000P\000I\000\040\000\050\000t\000e\000s\000t\000s\000\040\000\043\0006\0008\040\023\000\043\0007\0005\000\051}{subsection.23.3}% 257
\BOOKMARK [3][-]{subsubsection.23.3.3}{\376\377\000O\000P\000F\000/\000P\000F\000\040\000R\000e\000s\000u\000l\000t\000\040\000S\000e\000r\000i\000a\000l\000i\000s\000a\000t\000i\000o\000n\000\040\000\050\000t\000e\000s\000t\000s\000\040\000\043\0007\0006\040\023\000\043\0007\0007\000\051}{subsection.23.3}% 258
\BOOKMARK [3][-]{subsubsection.23.3.4}{\376\377\000M\000A\000T\000P\000O\000W\000E\000R\000\040\000P\000a\000r\000s\000e\000r\000\040\000\050\000t\000e\000s\000t\000s\000\040\000\043\0007\0008\040\023\000\043\0009\0007\000\051}{subsection.23.3}% 259
\BOOKMARK [2][-]{subsection.23.4}{\376\377\000t\000e\000s\000t\000\137\000r\000i\000c\000h\000\137\000c\000o\000m\000p\000o\000n\000e\000n\000t\000s\000:\000\040\0002\0004\000-\000T\000y\000p\000e\000\040\000C\000o\000m\000p\000o\000n\000e\000n\000t\000\040\000C\000o\000v\000e\000r\000a\000g\000e}{section.23}% 260
\BOOKMARK [3][-]{subsubsection.23.4.1}{\376\377\000C\000o\000m\000p\000o\000n\000e\000n\000t\000\040\000R\000o\000u\000n\000d\000-\000t\000r\000i\000p\000\040\000T\000e\000s\000t\000s\000\040\000\050\000t\000e\000s\000t\000s\000\040\000\043\0009\0008\040\023\000\043\0001\0001\0008\000\051}{subsection.23.4}% 261
\BOOKMARK [3][-]{subsubsection.23.4.2}{\376\377\000S\000y\000s\000t\000e\000m\000\040\000B\000u\000i\000l\000d\000e\000r\000\040\000T\000e\000s\000t\000s\000\040\000\050\000t\000e\000s\000t\000s\000\040\000\043\0001\0001\0009\040\023\000\043\0001\0002\0002\000\051}{subsection.23.4}% 262
\BOOKMARK [2][-]{subsection.23.5}{\376\377\000t\000e\000s\000t\000\137\000m\000a\000t\000p\000o\000w\000e\000r\000\137\000c\000a\000s\000e\000s\000:\000\040\000M\000A\000T\000P\000O\000W\000E\000R\000\040\000C\000o\000n\000v\000e\000r\000g\000e\000n\000c\000e\000\040\000C\000o\000v\000e\000r\000a\000g\000e}{section.23}% 263
\BOOKMARK [3][-]{subsubsection.23.5.1}{\376\377\000T\000i\000e\000r\000-\0001\000:\000\040\000C\000o\000r\000e\000\040\000C\000a\000s\000e\000s\000\040\000\050\000t\000e\000s\000t\000s\000\040\000\043\0001\0002\0003\040\023\000\043\0001\0003\0005\000\051}{subsection.23.5}% 264
\BOOKMARK [3][-]{subsubsection.23.5.2}{\376\377\000T\000i\000e\000r\000-\0002\000:\000\040\000M\000e\000d\000i\000u\000m\000\040\000C\000a\000s\000e\000s\000\040\000\050\000t\000e\000s\000t\000s\000\040\000\043\0001\0003\0006\040\023\000\043\0002\0000\0004\000\051}{subsection.23.5}% 265
\BOOKMARK [3][-]{subsubsection.23.5.3}{\376\377\000T\000i\000e\000r\000-\0003\000:\000\040\000L\000a\000r\000g\000e\000\040\000C\000a\000s\000e\000s\000\040\000\050\000t\000e\000s\000t\000s\000\040\000\043\0001\0003\0006\040\023\000\043\0002\0000\0004\000,\000\040\000l\000a\000r\000g\000e\000/\000v\000e\000r\000y\000\137\000l\000a\000r\000g\000e\000\040\000t\000a\000g\000\051}{subsection.23.5}% 266
\BOOKMARK [3][-]{subsubsection.23.5.4}{\376\377\000S\000a\000f\000e\000\040\000A\000P\000I\000\040\000a\000n\000d\000\040\000D\000C\000\040\000O\000P\000F\000\040\000\050\000t\000e\000s\000t\000s\000\040\000\043\0002\0000\0006\040\023\000\043\0002\0000\0009\000\051}{subsection.23.5}% 267
\BOOKMARK [2][-]{subsection.23.6}{\376\377\000t\000e\000s\000t\000\137\000v\000a\000l\000i\000d\000a\000t\000i\000o\000n\000:\000\040\000V\000a\000l\000i\000d\000a\000t\000i\000o\000n\000\040\000A\000P\000I\000\040\000C\000o\000v\000e\000r\000a\000g\000e}{section.23}% 268
\BOOKMARK [3][-]{subsubsection.23.6.1}{\376\377\000V\000a\000l\000i\000d\000a\000t\000i\000o\000n\000R\000e\000p\000o\000r\000t\000\040\000A\000P\000I\000\040\000\050\000t\000e\000s\000t\000s\000\040\000\043\0002\0001\0000\040\023\000\043\0002\0001\0003\000\051}{subsection.23.6}% 269
\BOOKMARK [3][-]{subsubsection.23.6.2}{\376\377\000P\000o\000s\000i\000t\000i\000v\000e\000\040\000a\000n\000d\000\040\000N\000e\000g\000a\000t\000i\000v\000e\000\040\000V\000a\000l\000i\000d\000a\000t\000i\000o\000n\000\040\000\050\000t\000e\000s\000t\000s\000\040\000\043\0002\0001\0004\040\023\000\043\0002\0002\0003\000\051}{subsection.23.6}% 270
\BOOKMARK [3][-]{subsubsection.23.6.3}{\376\377\000V\000a\000l\000i\000d\000a\000t\000i\000o\000n\000L\000e\000v\000e\000l\000\040\000B\000e\000h\000a\000v\000i\000o\000u\000r\000\040\000\050\000t\000e\000s\000t\000s\000\040\000\043\0002\0002\0004\040\023\000\043\0002\0003\0000\000\051}{subsection.23.6}% 271
\BOOKMARK [3][-]{subsubsection.23.6.4}{\376\377\000V\000a\000l\000i\000d\000a\000t\000e\000-\000t\000h\000e\000n\000-\000S\000o\000l\000v\000e\000\040\000P\000a\000t\000t\000e\000r\000n\000\040\000\050\000t\000e\000s\000t\000s\000\040\000\043\0002\0003\0001\040\023\000\043\0002\0003\0004\000\051}{subsection.23.6}% 272
\BOOKMARK [3][-]{subsubsection.23.6.5}{\376\377\000R\000e\000g\000r\000e\000s\000s\000i\000o\000n\000\040\000G\000u\000a\000r\000d\000r\000a\000i\000l\000s\000\040\000\050\000t\000e\000s\000t\000s\000\040\000\043\0002\0003\0005\040\023\000\043\0002\0003\0009\000\051}{subsection.23.6}% 273
\BOOKMARK [2][-]{subsection.23.7}{\376\377\000t\000e\000s\000t\000\137\000s\000o\000l\000v\000e\000r\000\137\000c\000a\000p\000a\000b\000i\000l\000i\000t\000i\000e\000s\000:\000\040\000C\000o\000m\000p\000i\000l\000e\000-\000t\000i\000m\000e\000\040\000F\000l\000a\000g\000s\000\040\000a\000n\000d\000\040\000A\000u\000d\000i\000t}{section.23}% 274
\BOOKMARK [3][-]{subsubsection.23.7.1}{\376\377\000S\000o\000l\000v\000e\000r\000C\000a\000p\000a\000b\000i\000l\000i\000t\000i\000e\000s\000\040\000S\000t\000r\000u\000c\000t\000\040\000\050\000t\000e\000s\000t\000s\000\040\000\043\0002\0004\0000\040\023\000\043\0002\0004\0006\000\051}{subsection.23.7}% 275
\BOOKMARK [3][-]{subsubsection.23.7.2}{\376\377\000C\000o\000m\000p\000i\000l\000e\000-\000t\000i\000m\000e\000\040\000S\000o\000l\000v\000e\000r\000\040\000F\000l\000a\000g\000s\000\040\000\050\000t\000e\000s\000t\000s\000\040\000\043\0002\0004\0007\040\023\000\043\0002\0005\0002\000\051}{subsection.23.7}% 276
\BOOKMARK [3][-]{subsubsection.23.7.3}{\376\377\000v\000e\000r\000i\000f\000y\000\137\000o\000p\000f\000\137\000r\000e\000s\000u\000l\000t\000\040\000A\000u\000d\000i\000t\000\040\000\050\000t\000e\000s\000t\000s\000\040\000\043\0002\0005\0003\040\023\000\043\0002\0005\0005\000\051}{subsection.23.7}% 277
\BOOKMARK [2][-]{subsection.23.8}{\376\377\000t\000e\000s\000t\000\137\000a\000d\000v\000a\000n\000c\000e\000d\000\137\000p\000f\000:\000\040\000I\000s\000l\000a\000n\000d\000\040\000D\000e\000t\000e\000c\000t\000i\000o\000n\000,\000\040\000D\000i\000s\000t\000r\000i\000b\000u\000t\000e\000d\000\040\000S\000l\000a\000c\000k\000,\000\040\000P\000V\000/\000P\000Q\000\040\000C\000o\000n\000t\000r\000o\000l}{section.23}% 278
\BOOKMARK [3][-]{subsubsection.23.8.1}{\376\377\000I\000s\000l\000a\000n\000d\000\040\000D\000e\000t\000e\000c\000t\000i\000o\000n\000\040\000a\000n\000d\000\040\000I\000s\000l\000a\000n\000d\000e\000d\000\040\000S\000o\000l\000v\000i\000n\000g\000\040\000\050\000t\000e\000s\000t\000s\000\040\000\043\0002\0005\0006\040\023\000\043\0002\0006\0006\000\051}{subsection.23.8}% 279
\BOOKMARK [3][-]{subsubsection.23.8.2}{\376\377\000D\000i\000s\000t\000r\000i\000b\000u\000t\000e\000d\000\040\000S\000l\000a\000c\000k\000\040\000B\000u\000s\000e\000s\000\040\000\050\000t\000e\000s\000t\000s\000\040\000\043\0002\0006\0007\040\023\000\043\0002\0007\0006\000\051}{subsection.23.8}% 280
\BOOKMARK [3][-]{subsubsection.23.8.3}{\376\377\000P\000V\000/\000P\000Q\000\040\000C\000o\000n\000v\000e\000r\000s\000i\000o\000n\000\040\000a\000n\000d\000\040\000I\000n\000t\000e\000g\000r\000a\000t\000i\000o\000n\000\040\000\050\000t\000e\000s\000t\000s\000\040\000\043\0002\0007\0007\040\023\000\043\0002\0008\0001\000\051}{subsection.23.8}% 281
\BOOKMARK [2][-]{subsection.23.9}{\376\377\000t\000e\000s\000t\000\137\000t\000h\000r\000e\000e\000\137\000p\000h\000a\000s\000e\000\137\000p\000f\000:\000\040\000T\000h\000r\000e\000e\000-\000P\000h\000a\000s\000e\000\040\000P\000o\000w\000e\000r\000\040\000F\000l\000o\000w}{section.23}% 282
\BOOKMARK [3][-]{subsubsection.23.9.1}{\376\377\000D\000a\000t\000a\000\040\000M\000o\000d\000e\000l\000\040\000\050\000t\000e\000s\000t\000s\000\040\000\043\0002\0008\0002\040\023\000\043\0002\0008\0006\000\051}{subsection.23.9}% 283
\BOOKMARK [3][-]{subsubsection.23.9.2}{\376\377\000P\000r\000o\000j\000e\000c\000t\000i\000o\000n\000-\000B\000a\000s\000e\000d\000\040\000S\000o\000l\000v\000e\000\040\000\050\000t\000e\000s\000t\000s\000\040\000\043\0002\0008\0007\040\023\000\043\0002\0009\0002\000\051}{subsection.23.9}% 284
\BOOKMARK [3][-]{subsubsection.23.9.3}{\376\377\000U\000n\000b\000a\000l\000a\000n\000c\000e\000d\000,\000\040\000M\000e\000s\000h\000e\000d\000,\000\040\000a\000n\000d\000\040\000M\000u\000l\000t\000i\000-\000S\000o\000u\000r\000c\000e\000\040\000T\000o\000p\000o\000l\000o\000g\000i\000e\000s\000\040\000\050\000t\000e\000s\000t\000s\000\040\000\043\0002\0009\0003\040\023\000\043\0002\0009\0009\000\051}{subsection.23.9}% 285
\BOOKMARK [3][-]{subsubsection.23.9.4}{\376\377\000T\000r\000a\000n\000s\000f\000o\000r\000m\000e\000r\000\040\000S\000u\000p\000p\000o\000r\000t\000\040\000\050\000t\000e\000s\000t\000\040\000\043\0003\0000\0000\000\051}{subsection.23.9}% 286
\BOOKMARK [3][-]{subsubsection.23.9.5}{\376\377\000D\000i\000s\000t\000r\000i\000b\000u\000t\000i\000o\000n\000\040\000P\000F\000\040\000S\000t\000u\000b\000\040\000a\000n\000d\000\040\000J\000S\000O\000N\000\040\000R\000o\000u\000n\000d\000-\000T\000r\000i\000p\000\040\000\050\000t\000e\000s\000t\000s\000\040\000\043\0003\0000\0001\040\023\000\043\0003\0000\0007\000\051}{subsection.23.9}% 287
\BOOKMARK [2][-]{subsection.23.10}{\376\377\000Q\000u\000a\000n\000t\000i\000t\000a\000t\000i\000v\000e\000\040\000R\000e\000s\000u\000l\000t\000s\000\040\000a\000n\000d\000\040\000T\000i\000m\000i\000n\000g}{section.23}% 288
\BOOKMARK [3][-]{subsubsection.23.10.1}{\376\377\000P\000e\000r\000-\000S\000u\000i\000t\000e\000\040\000A\000s\000s\000e\000r\000t\000i\000o\000n\000\040\000a\000n\000d\000\040\000T\000i\000m\000i\000n\000g\000\040\000S\000u\000m\000m\000a\000r\000y}{subsection.23.10}% 289
\BOOKMARK [3][-]{subsubsection.23.10.2}{\376\377\000T\000i\000e\000r\000-\0003\000\040\000S\000c\000a\000l\000i\000n\000g\000:\000\040\000B\000u\000s\000\040\000C\000o\000u\000n\000t\000\040\000v\000s\000.\000\040\000S\000o\000l\000v\000e\000\040\000T\000i\000m\000e}{subsection.23.10}% 290
\BOOKMARK [3][-]{subsubsection.23.10.3}{\376\377\000K\000e\000y\000\040\000A\000c\000c\000u\000r\000a\000c\000y\000\040\000M\000e\000t\000r\000i\000c\000s}{subsection.23.10}% 291
\BOOKMARK [3][-]{subsubsection.23.10.4}{\376\377\000P\000e\000r\000f\000o\000r\000m\000a\000n\000c\000e\000\040\000S\000w\000e\000e\000p\000\040\000\050\000t\000e\000s\000t\000\040\000\043\0002\0005\0006\000\051}{subsection.23.10}% 292
\BOOKMARK [2][-]{subsection.23.11}{\376\377\000S\000u\000m\000m\000a\000r\000y\000\040\000a\000n\000d\000\040\000P\000a\000s\000s\000\040\000R\000a\000t\000e\000s}{section.23}% 293
